166601777722266625552073366877788018444663377744401888777254448666777444
lumea MAGIEI in care traieste
333666822#25558855502633777444222#26607777#76667778076667885552777
3
877733444 77774443383366444 228866444 
77774443383366444 2
0
0
