17777255588#8
Salut
17777255588#8
4
1777712 1555188 1812 1777133 
1777712 1
0
8018120 1777712 1777133 155518 
