172777444777701555666#663777201777666#62016#66677772226668882
Valletta Skopje Vilnius
1222#274448255520133555888338444334440337777833012233777662
4
2833662 223377755544466 7777242 77766662 
223377755544466 2
0
0
