77774446#666#6620442555337033555444662077778884448666555444662
maria sharapova serena williams
3355533662020222#277778444#42808777666333#3388555
3
33555444662 627774442 77774446666662 
77774446666662 3
0
774446 666662 627774 446620 442077 335554 
