66444222550559997774#444666777707772333233555066232555
alexander zverev john isner
99998883377733888055502022#28#88#8073303566655666888444222
4
333555 76668777666 62777444887777 2226667444555 
62777444887777 3
0
0
