1777338#88777660666333084433015133131444
Luke Skywalker
777335552992777332033344433022288064446633
3
1555334442 1442166 15558815533 
15558815533 3
0
8 8 6 6 5 5 5 5 5 5 5 5 4 4 4 4 4 3 3 3 3 2 2 1 1 1 1 1 0 0 
