133#3#30177774433#337772660888444663305552012288222887773377778444
Shape of YOU
1443303336668866308443304#44433380333666777099966688
3
344488833 4427744433777 7777444664 
4427744433777 2
0
88 83 77 77 77 74 70 64 46 44 44 44 44 34 33 30 27 
