14433777330933046660124244466
Mamma Mia
1588777780666#663303266222330666#663306#666777330326622233
4
7788333366 326622233 55566688833 6887777444222 
6887777444222 4
0
0
