1222#236668855503#3301222777212224448866
Renii trag sania mosului
3337778822283307777444022666#6226662663307777882202277723
4
77772555282 2233666333 777727776255533 2226669999666662222 
2226669999666662222 4
0
99 96 77 77 77 77 76 72 69 66 66 66 66 63 55 55 33 33 33 28 25 25 22 22 22 22 20 7 2 
