755526266444044466444620333444222#2807774446644422244#444
stomac pancreas
8883366335553303882220222#277722666#6603#3355520755526266444
3
66622244444 6627777 4336633 
66622244444 1
0
0
