6660777788#820366688299993322244407777444066#666882
cinci mii trei sute
877733444066678077772777733066678077772777733
3
886688 3666444 877733444 
877733444 3
0
0
