7776667777880425552233660255522#277778777880888337773#33
violet magenta kaki
255522#277778777880337777833066602228855566627773307773322233
3
7776669999 255522 62777666 
7776669999 1
0
0
