7#777244666888202777433777707777882223328882044427777444
maramures cluj tulcea
22#2#222#28803377778330333666277783303#337277783303#33022277724446668882
5
222555885 44427777444 7777255525 82777488 544488 
44427777444 2
0
0
