22886607777444662223377702255526630333777886#6667777
onest amuzant destept
777788222#2223377778855503#3377744488820344466044477778338444633
3
333244466 228866 3277766444222 
3277766444222 3
0
886603 466022 444222 333244 277766 
