123332777206644466433
Hai cu SaniA
866626#6620330266#6668444678855506885558444222666555666777
4
1442444 233327772 5552 999927232 
999927232 4
0
99 92 77 72 55 52 44 42 40 33 32 27 23 20 14 9 
