8#883666777044477744466202663777207777644455533999
chirila rimes vocea romaniei
388338#88777444555330888666222#255533083308444660444660833667777444886633
3
222266833222 2777844477778 777788333555338 
777788333555338 3
0
833 788 780 778 777 777 555 444 338 333 266 222 222 27 
