62620828207777666777203337772833
matusa unchi nepot nepoata
3337772833555330633880337777833033344488555062633444
3
77776667772 33344488 666667772 
77776667772 1
0
880666 777766 677720 667772 333444 
