55525553320999926224445552087772663233344477704277766623332
gladiola camelie gura leului toporas
33355566627773320820444882244482033777783305552555332882
3
62222 44444466622233555 333555666777444 
44444466622233555 2
0
0
