25554446606444#44244408#8836667770326444266
mircea cristian matei paul
26637773344407777444062833444077778866807#7774443383366444
3
3266444 88855523 66622282 
88855523 2
0
0
