1664446633066#66622555330333264445554443377770333444#4#44803336667770222666#66877766655506668883377708443306999844#444222#255505552663777706663330193377778337776667777
An ancient enemy returns
1377724666#66077776444555337777022#2#22255028044#44477770333777444336637777
8
1222266 99966688 744422288877733 122233777777733444 777782777777444664 44466 2 2226666333999 
777782777777444664 5
0
0
