266377733#332044477744466203#335554442
mihaela ileana anca ioana
333#33555444222444203377778330666033328203#3377778332782
3
833666 3336644477772 26632 
3336644477772 2
0
0
