176665554448334466444222#2
Politehnica
17666555444083344664440222#2
2
83377778 83377779 
83377779 2
1
0
